{
  "contentId": "kodim/root",
  "name": "",
  "title": "content",
  "access": "public",
  "source": {
    "topics": [
      {
        "name": "spravne",
        "title": "Správné formátování",
        "lead": "Správně zformátovaný obsah je klíčovým prvkem ve světě psaného a tištěného textu, stejně jako v digitálním prostředí. Tento koncept se týká způsobu, jakým jsou informace, text a média prezentovány a uspořádány, aby byly snadno čitelné, esteticky příjemné a efektivní ve sdělení svého obsahu",
        "courses": [
          {
            "name": "kouzelna-kucharka",
            "folder": "./tests/content/kouzla/kouzelna-kucharka",
            "topic": "spravne",
            "organization": null,
            "repo": null
          },
          {
            "name": "boby",
            "folder": "./tests/content/kouzla/boby",
            "topic": "spravne",
            "organization": null,
            "repo": null
          },
          {
            "name": "pruvodce-vesmirem",
            "folder": "./tests/content/pruvodce-vesmirem",
            "topic": "spravne",
            "organization": null,
            "repo": null
          }
        ]
      }
    ]
  },
  "attrs": {},
  "type": "parent",
  "subEntries": [
    {
      "contentId": "kodim/topic",
      "name": "spravne",
      "title": "Správné formátování",
      "access": "public",
      "source": {
        "name": "spravne",
        "title": "Správné formátování",
        "lead": "Správně zformátovaný obsah je klíčovým prvkem ve světě psaného a tištěného textu, stejně jako v digitálním prostředí. Tento koncept se týká způsobu, jakým jsou informace, text a média prezentovány a uspořádány, aby byly snadno čitelné, esteticky příjemné a efektivní ve sdělení svého obsahu",
        "courses": [
          {
            "name": "kouzelna-kucharka",
            "folder": "./tests/content/kouzla/kouzelna-kucharka",
            "topic": "spravne",
            "organization": null,
            "repo": null
          },
          {
            "name": "boby",
            "folder": "./tests/content/kouzla/boby",
            "topic": "spravne",
            "organization": null,
            "repo": null
          },
          {
            "name": "pruvodce-vesmirem",
            "folder": "./tests/content/pruvodce-vesmirem",
            "topic": "spravne",
            "organization": null,
            "repo": null
          }
        ]
      },
      "attrs": {
        "lead": "Správně zformátovaný obsah je klíčovým prvkem ve světě psaného a tištěného textu, stejně jako v digitálním prostředí. Tento koncept se týká způsobu, jakým jsou informace, text a média prezentovány a uspořádány, aby byly snadno čitelné, esteticky příjemné a efektivní ve sdělení svého obsahu"
      },
      "type": "parent",
      "subEntries": [
        {
          "contentId": "kodim/course",
          "name": "kouzelna-kucharka",
          "title": "Kouzelná kuchařka pro lenochy",
          "access": "public",
          "source": {
            "folderNode": {
              "ext": "",
              "fileName": "kouzelna-kucharka",
              "path": "/home/podlomar/work/kodim/kodim-cms/tests/content/kouzla/kouzelna-kucharka",
              "type": "folder"
            },
            "name": "kouzelna-kucharka",
            "organization": null,
            "repo": null,
            "topic": "spravne"
          },
          "attrs": {
            "lead": "Zapomeňte na komplikované hodiny strávené v kuchyni, s naší kuchařkou budete připravovat lahodná jídla a nápoje tak snadno, že si budete připadat jako mágové ve světě kulinářského umění.",
            "organization": null,
            "topic": "spravne",
            "image": "cookbook.svg"
          },
          "type": "parent",
          "assets": {
            "folder": "/home/podlomar/work/kodim/kodim-cms/tests/content/kouzla/kouzelna-kucharka/assets",
            "names": [
              "cookbook.svg"
            ]
          },
          "subEntries": [
            {
              "type": "parent",
              "contentId": "kodim/chapter",
              "name": "lekce",
              "title": "",
              "access": "public",
              "source": {
                "type": "folder",
                "path": "/home/podlomar/work/kodim/kodim-cms/tests/content/kouzla/kouzelna-kucharka",
                "fileName": "kouzelna-kucharka",
                "ext": ""
              },
              "attrs": {
                "lead": ""
              },
              "subEntries": [
                {
                  "contentId": "kodim/lesson",
                  "attrs": {
                    "lead": "Důležité tipy a triky, jak uvařit vodu bezpečně a bez zbytečného stresu. Naučíme vás správným postupům, které zabezpečí, že vaše voda bude vždy chutná, čerstvá a oku lahodící."
                  },
                  "access": "public",
                  "source": {
                    "ext": "",
                    "fileName": "voda-bez-rizika",
                    "path": "/home/podlomar/work/kodim/kodim-cms/tests/content/kouzla/kouzelna-kucharka/voda-bez-rizika",
                    "type": "folder"
                  },
                  "name": "voda-bez-rizika",
                  "subEntries": [
                    {
                      "assets": {
                        "folder": "/home/podlomar/work/kodim/kodim-cms/tests/content/kouzla/kouzelna-kucharka/voda-bez-rizika/assets",
                        "names": [
                          "boil.jpg"
                        ]
                      },
                      "contentId": "kodim/section",
                      "attrs": {},
                      "access": "protected",
                      "source": {
                        "ext": ".md",
                        "fileName": "vyber-nadobi",
                        "path": "/home/podlomar/work/kodim/kodim-cms/tests/content/kouzla/kouzelna-kucharka/voda-bez-rizika/vyber-nadobi.md",
                        "type": "file"
                      },
                      "name": "vyber-nadobi",
                      "subEntries": [],
                      "title": "Bezpečný výběr nádobí a materiálů",
                      "type": "parent"
                    },
                    {
                      "assets": {
                        "folder": "/home/podlomar/work/kodim/kodim-cms/tests/content/kouzla/kouzelna-kucharka/voda-bez-rizika/assets",
                        "names": []
                      },
                      "contentId": "kodim/section",
                      "attrs": {},
                      "access": "protected",
                      "source": {
                        "ext": ".md",
                        "fileName": "kontrola",
                        "path": "/home/podlomar/work/kodim/kodim-cms/tests/content/kouzla/kouzelna-kucharka/voda-bez-rizika/kontrola.md",
                        "type": "file"
                      },
                      "name": "kontrola",
                      "subEntries": [],
                      "title": "kontrola",
                      "type": "parent"
                    },
                    {
                      "assets": {
                        "folder": "/home/podlomar/work/kodim/kodim-cms/tests/content/kouzla/kouzelna-kucharka/voda-bez-rizika/assets",
                        "names": []
                      },
                      "contentId": "kodim/section",
                      "attrs": {},
                      "access": "protected",
                      "source": {
                        "ext": ".md",
                        "fileName": "cv-vareni-vody",
                        "path": "/home/podlomar/work/kodim/kodim-cms/tests/content/kouzla/kouzelna-kucharka/voda-bez-rizika/cv-vareni-vody.md",
                        "type": "file"
                      },
                      "name": "cv-vareni-vody",
                      "subEntries": [
                        {
                          "access": "protected",
                          "assets": {
                            "folder": "/home/podlomar/work/kodim/kodim-cms/tests/content/kouzla/kouzelna-kucharka/voda-bez-rizika/cviceni/assets",
                            "names": []
                          },
                          "contentId": "kodim/exercise",
                          "attrs": {
                            "demand": 1,
                            "lead": "Vybereme hrnec a nádobí pro vaření vody.",
                            "solutionAccess": "allow"
                          },
                          "source": {
                            "ext": ".md",
                            "fileName": "vyber-nadobi",
                            "path": "/home/podlomar/work/kodim/kodim-cms/tests/content/kouzla/kouzelna-kucharka/voda-bez-rizika/cviceni/vyber-nadobi.md",
                            "type": "file"
                          },
                          "name": "vyber-nadobi",
                          "title": "Výběr správného hrnce a nádobí",
                          "type": "leaf"
                        }
                      ],
                      "title": "Cvičení: Vaření vody",
                      "type": "parent"
                    }
                  ],
                  "title": "Jak uvařit vodu bez rizika",
                  "type": "parent"
                }
              ]
            }
          ]
        },
        {
          "contentId": "kodim/course",
          "name": "pruvodce-vesmirem",
          "title": "Bláznivý Průvodce Vesmírem",
          "source": {
            "type": "folder",
            "path": "/home/podlomar/work/kodim/kodim-cms/tests/content/pruvodce-vesmirem",
            "fileName": "pruvodce-vesmirem",
            "ext": ""
          },
          "attrs": {
            "lead": "Tento kurz vás vezme na neuvěřitelnou cestu vesmírem, kde budete objevovat tajemství černých děr, potkávat mimozemské bytosti a učit se, jak ve vesmíru přežít a zároveň se bavit.",
            "image": "universe.svg"
          },
          "type": "parent",
          "subEntries": [
            {
              "type": "parent",
              "contentId": "kodim/chapter",
              "name": "lekce",
              "source": {
                "type": "folder",
                "path": "/home/podlomar/work/kodim/kodim-cms/tests/content/pruvodce-vesmirem",
                "fileName": "pruvodce-vesmirem",
                "ext": ""
              },
              "subEntries": [],
              "title": "",
              "attrs": {
                "lead": ""
              }
            }
          ],
          "assets": [
            "universe.svg"
          ]
        },
        {
          "contentId": "kodim/course",
          "name": "boby",
          "title": "Úžasné Dobrodružství s Čarodějnou Boby",
          "source": {
            "type": "folder",
            "path": "/home/podlomar/work/kodim/kodim-cms/tests/content/kouzla/boby",
            "fileName": "boby",
            "ext": ""
          },
          "attrs": {
            "lead": "Od lekce o létání na koštěti až po setkání s kouzelnými bytostmi, budete se učit, jak ovládat kouzla, bavit se a vytvářet vlastní magické příběhy. Připravte se na nekonečné kouzla a smích.",
            "image": "witch.svg"
          },
          "type": "parent",
          "subEntries": [
            {
              "type": "parent",
              "contentId": "kodim/chapter",
              "name": "lekce",
              "source": {
                "type": "folder",
                "path": "/home/podlomar/work/kodim/kodim-cms/tests/content/kouzla/boby",
                "fileName": "boby",
                "ext": ""
              },
              "subEntries": [],
              "title": "",
              "attrs": {
                "lead": ""
              }
            }
          ],
          "assets": [
            "witch.svg"
          ]
        }
      ]
    }
  ]
}
